il32 Linker                  12/13/91  20:21:59                    Page    1


DOS il32 Linker, V1.0s

Input files:  C:\SVS\LIB\CSTDOS3F.OBJ, TEST1.OBJ, PIXEL.OBJ, 
              C:\SVS\LIB\LIBP28.LIB, C:\SVS\LIB\C3SYS.LIB, 
              C:\SVS\LIB\80387N.LIB, C:\SVS\LIB\CL387N.LIB
Output file:  TEST1.REX
Controls specified:  PR SS(STACK(32768) ) SL NM OJ(TEST1.REX) 


Segment Map

Relocation Offset   Size           Access   Align   Use        Combine Name

00000000H           00002A0DH      er       dword   use32      TEXT
00002A10H           0000190EH      rw       dword   use32      DATA
00004320H           00008000H      rw       dword   use32      STACK

Total Image Size is 0000C320H


Input modules included:

cq_cstart (C:\SVS\LIB\CSTDOS3F.OBJ) CREATED: 08/14/91 13:47:54 BY:  386(TM) MACRO NOCASE ASSEMBLER, X404
test1 (TEST1.OBJ) CREATED:                   BY: (Converted OMF)
pixel (PIXEL.OBJ) CREATED:                   BY: (Converted OMF)
tseq86init (C:\SVS\LIB\LIBP28.LIB) CREATED:                   BY: (Converted OMF)
tcbglobals (C:\SVS\LIB\LIBP28.LIB) CREATED:                   BY: (Converted OMF)
CQ__MAIN3 (C:\SVS\LIB\C3SYS.LIB) CREATED: 08/14/91 15:14:21 BY: iC32 COMPILER 1.0c
CQ__EXIT (C:\SVS\LIB\C3SYS.LIB) CREATED: 08/14/91 14:32:35 BY: iC32 COMPILER 1.0c
CQ__THREAD_ (C:\SVS\LIB\C3SYS.LIB) CREATED: 08/14/91 13:52:45 BY: iC32 COMPILER 1.0c
cq__fpreset (C:\SVS\LIB\C3SYS.LIB) CREATED: 08/14/91 14:57:19 BY:  386(TM) MACRO NOCASE ASSEMBLER, X404
CQ_EXIT (C:\SVS\LIB\C3SYS.LIB) CREATED: 08/14/91 14:08:49 BY: iC32 COMPILER 1.0c
CQ__EXIT_IN (C:\SVS\LIB\C3SYS.LIB) CREATED: 08/14/91 13:52:01 BY: iC32 COMPILER 1.0c
CQ__NOMOUSE (C:\SVS\LIB\C3SYS.LIB) CREATED: 08/14/91 15:14:56 BY: iC32 COMPILER 1.0c
CQ__CREATE (C:\SVS\LIB\C3SYS.LIB) CREATED: 08/14/91 15:13:25 BY: iC32 COMPILER 1.0c
CQ__G_ISTUB (C:\SVS\LIB\C3SYS.LIB) CREATED: 08/14/91 14:34:30 BY: iC32 COMPILER 1.0c
CQ__STDIO_I (C:\SVS\LIB\C3SYS.LIB) CREATED: 08/14/91 13:52:27 BY: iC32 COMPILER 1.0c
CQ_MALLOC (C:\SVS\LIB\C3SYS.LIB) CREATED: 08/14/91 14:09:45 BY: iC32 COMPILER 1.0c
CQ_REALLOC (C:\SVS\LIB\C3SYS.LIB) CREATED: 08/14/91 14:11:06 BY: iC32 COMPILER 1.0c
CQ___SETARG (C:\SVS\LIB\C3SYS.LIB) CREATED: 08/14/91 15:13:16 BY: iC32 COMPILER 1.0c
cq_auxstart (C:\SVS\LIB\C3SYS.LIB) CREATED: 08/14/91 15:15:22 BY:  386(TM) MACRO NOCASE ASSEMBLER, X404
cq__quit (C:\SVS\LIB\C3SYS.LIB) CREATED: 08/14/91 15:12:30 BY:  386(TM) MACRO NOCASE ASSEMBLER, X404
CQ_FCLOSEAL (C:\SVS\LIB\C3SYS.LIB) CREATED: 08/14/91 14:04:56 BY: iC32 COMPILER 1.0c
CQ_FLUSHALL (C:\SVS\LIB\C3SYS.LIB) CREATED: 08/14/91 14:05:47 BY: iC32 COMPILER 1.0c
CQ__INIT_CL (C:\SVS\LIB\C3SYS.LIB) CREATED: 08/14/91 13:52:17 BY: iC32 COMPILER 1.0c
CQ_IFHCOUNT (C:\SVS\LIB\C3SYS.LIB) CREATED: 08/14/91 14:38:16 BY: iC32 COMPILER 1.0c
CQ_NFILE (C:\SVS\LIB\C3SYS.LIB) CREATED: 08/14/91 14:40:02 BY: iC32 COMPILER 1.0c
CQ__MAIN0 (C:\SVS\LIB\C3SYS.LIB) CREATED: 08/14/91 15:13:50 BY: iC32 COMPILER 1.0c
CQ__MAIN2 (C:\SVS\LIB\C3SYS.LIB) CREATED: 08/14/91 15:14:04 BY: iC32 COMPILER 1.0c
CQ__MAIN4 (C:\SVS\LIB\C3SYS.LIB) CREATED: 08/14/91 15:14:42 BY: iC32 COMPILER 1.0c
CQ__MAINLAS (C:\SVS\LIB\C3SYS.LIB) CREATED: 08/14/91 14:42:21 BY: iC32 COMPILER 1.0c
CQ__FMODE_I (C:\SVS\LIB\C3SYS.LIB) CREATED: 08/14/91 14:34:42 BY: iC32 COMPILER 1.0c
CQ__FINFO_I (C:\SVS\LIB\C3SYS.LIB) CREATED: 08/14/91 14:52:07 BY: iC32 COMPILER 1.0c
CQ_ISATTY (C:\SVS\LIB\C3SYS.LIB) CREATED: 08/14/91 14:38:34 BY: iC32 COMPILER 1.0c
CQ__STDOPEN (C:\SVS\LIB\C3SYS.LIB) CREATED: 08/14/91 14:42:45 BY: iC32 COMPILER 1.0c
CQ__MALLOC (C:\SVS\LIB\C3SYS.LIB) CREATED: 08/14/91 14:06:52 BY: iC32 COMPILER 1.0c
CQ_RAISE (C:\SVS\LIB\C3SYS.LIB) CREATED: 08/14/91 14:50:02 BY: iC32 COMPILER 1.0c
il32 Linker                  12/13/91  20:21:59                    Page    2


CQ_FREE (C:\SVS\LIB\C3SYS.LIB) CREATED: 08/14/91 14:09:04 BY: iC32 COMPILER 1.0c
cq_memmove (C:\SVS\LIB\C3SYS.LIB) CREATED: 08/14/91 14:14:44 BY:  386(TM) MACRO NOCASE ASSEMBLER, X404
cq__getvect (C:\SVS\LIB\C3SYS.LIB) CREATED: 08/14/91 15:10:32 BY:  386(TM) MACRO NOCASE ASSEMBLER, X404
cq_setvect (C:\SVS\LIB\C3SYS.LIB) CREATED: 08/14/91 15:11:55 BY:  386(TM) MACRO NOCASE ASSEMBLER, X404
CQ_FCLOSE (C:\SVS\LIB\C3SYS.LIB) CREATED: 08/14/91 13:56:33 BY: iC32 COMPILER 1.0c
CQ_FFLUSH (C:\SVS\LIB\C3SYS.LIB) CREATED: 08/14/91 13:57:12 BY: iC32 COMPILER 1.0c
cq_sysint21 (C:\SVS\LIB\C3SYS.LIB) CREATED: 08/14/91 15:13:03 BY:  386(TM) MACRO NOCASE ASSEMBLER, X404
cq__ctlcint (C:\SVS\LIB\C3SYS.LIB) CREATED: 08/14/91 15:16:41 BY:  386(TM) MACRO NOCASE ASSEMBLER, X404
CQ_SBRK (C:\SVS\LIB\C3SYS.LIB) CREATED: 08/14/91 15:16:57 BY: iC32 COMPILER 1.0c
CQ_SIGNAL (C:\SVS\LIB\C3SYS.LIB) CREATED: 08/14/91 14:50:14 BY: iC32 COMPILER 1.0c
CQ_REMOVE (C:\SVS\LIB\C3SYS.LIB) CREATED: 08/14/91 14:02:17 BY: iC32 COMPILER 1.0c
CQ_CLOSE (C:\SVS\LIB\C3SYS.LIB) CREATED: 08/14/91 14:36:40 BY: iC32 COMPILER 1.0c
CQ_LSEEK (C:\SVS\LIB\C3SYS.LIB) CREATED: 08/14/91 14:39:09 BY: iC32 COMPILER 1.0c
CQ__MAP_LEN (C:\SVS\LIB\C3SYS.LIB) CREATED: 08/14/91 14:35:07 BY: iC32 COMPILER 1.0c
CQ_WRITE (C:\SVS\LIB\C3SYS.LIB) CREATED: 08/14/91 14:41:53 BY: iC32 COMPILER 1.0c
CQ__VALIDAT (C:\SVS\LIB\C3SYS.LIB) CREATED: 08/14/91 13:56:09 BY: iC32 COMPILER 1.0c
cq__dosf48 (C:\SVS\LIB\C3SYS.LIB) CREATED: 08/14/91 15:10:48 BY:  386(TM) MACRO NOCASE ASSEMBLER, X404
CQ__RAISE (C:\SVS\LIB\C3SYS.LIB) CREATED: 08/14/91 14:49:36 BY: iC32 COMPILER 1.0c
CQ_UNLINK (C:\SVS\LIB\C3SYS.LIB) CREATED: 08/14/91 14:41:38 BY: iC32 COMPILER 1.0c
cq_bdos (C:\SVS\LIB\C3SYS.LIB) CREATED: 08/14/91 14:32:47 BY:  386(TM) MACRO NOCASE ASSEMBLER, X404



Public symbols

Symbol name                 Address

_argc (CQ__MAIN3)           00002A28H
_get_args (CQ__MAIN3)       000006B0H
_exit (CQ__EXIT)            000009C4H
_argv (CQ__MAIN3)           00002A24H
_thread_init (CQ__THREAD_)  000009D4H
_fpreset (cq__fpreset)      00000A04H
exit (CQ_EXIT)              00000A34H
main (test1)                000001C4H
_exit_init (CQ__EXIT_IN)    00000A80H
_init_mouse (CQ__NOMOUSE)   00000AB4H
environ (CQ__CREATE)        00002BB8H
_init_gr_system (CQ__G_ISTUB)00000CB4H
_stdio_init (CQ__STDIO_I)   00000CBCH
_amblksiz (cq_cstart)       00002A16H
_387_present (cq_cstart)    00002A1AH
_setpix (pixel)             00000309H
_resscn (pixel)             00000254H
_clear (pixel)              000002A3H
_iniscn (pixel)             0000020CH
%_END (tseq86init)          00000392H
%_TERM (tseq86init)         00000391H
%P860421 (tseq86init)       00000350H
//GLOBALS// (test1)         00003ABCH
box (test1)                 000000A8H
testmod (test1)             00000148H
TEST1 (test1)               000001C4H
%Tnx%0oi (test1)            000000A8H
_getpix (pixel)             000002D6H
_pixadd (pixel)             00000274H
%CNTARGS (tcbglobals)       000003B8H
il32 Linker                  12/13/91  20:21:59                    Page    3


%INITGLB (tcbglobals)       00000464H
%TkakRS0 (tseq86init)       00000350H
/%GLOBALS/ (tcbglobals)     00003AC0H
%TOUCH (tcbglobals)         00000398H
%_GETARG0 (tcbglobals)      00000458H
%Te9tQS0 (tcbglobals)       00000398H
%INITFIB (tcbglobals)       000005F0H
%GETGADD (tcbglobals)       0000068CH
%GLOBALS (tcbglobals)       000006ACH
%GETFD (tcbglobals)         0000069CH
%%IOFIB (tcbglobals)        00000408H
malloc (CQ_MALLOC)          00000E84H
realloc (CQ_REALLOC)        00000F2CH
__setargv (CQ___SETARG)     000010A0H
_argument_ptr (cq_auxstart) 000035F7H
_environ_ptr (cq_auxstart)  000035FDH
_quit (cq__quit)            00001252H
_thread_create (CQ__CREATE) 00000AC4H
_fpstatus (CQ__CREATE)      00003474H
_fpcontrol (CQ__CREATE)     00003478H
_exit_str (CQ__CREATE)      00002A34H
_thread_str (CQ__CREATE)    00002B78H
fcloseall (CQ_FCLOSEAL)     000012B4H
flushall (CQ_FLUSHALL)      000012ECH
_exit_create (CQ__CREATE)   00000BB0H
_chbuf (CQ__CREATE)         00002A2CH
_umask (CQ__CREATE)         00002A30H
_stdio_str (CQ__CREATE)     00002AC4H
_iocb (CQ__CREATE)          00002BB4H
_fileinfo (CQ__CREATE)      00002BBCH
_fmode (CQ__CREATE)         00002BC0H
tzname (CQ__CREATE)         00002BC4H
timezone (CQ__CREATE)       00002BCCH
daylight (CQ__CREATE)       00002BD0H
_heapmod (CQ__CREATE)       00002BD4H
_init_ctlc (CQ__CREATE)     00002BD8H
_curr_ctlc (CQ__CREATE)     00002BDCH
cvt_buffer (CQ__CREATE)     0000347CH
_sbrk_number (CQ__CREATE)   00002BE0H
_sbrksiz (CQ__CREATE)       00002BE4H
_sbrk_list_ptr (CQ__CREATE) 00002BE8H
_stdio_create (CQ__CREATE)  00000BBCH
_exit_ptr (CQ__CREATE)      00000C90H
_stdio_ptr (CQ__CREATE)     00000C9CH
_thread_ptr (CQ__CREATE)    00000CA8H
_init_clib_data (CQ__INIT_CL)0000134CH
_init_handle_count (CQ_IFHCOUNT)00001414H
_nfile (CQ_NFILE)           00003614H
_get_misc_parms (cq_auxstart)000010A8H
_main0 (CQ__MAIN0)          0000149CH
_main2 (CQ__MAIN2)          000014ECH
_main4 (CQ__MAIN4)          00001674H
_mainlast (CQ__MAINLAS)     0000169CH
_fmode_init (CQ__FMODE_I)   000016E8H
_finfo_init (CQ__FINFO_I)   000016F8H
isatty (CQ_ISATTY)          00001708H
_stdio_stdopen (CQ__STDOPEN)00001790H
il32 Linker                  12/13/91  20:21:59                    Page    4


_malloc_take (CQ__MALLOC)   00001A88H
_malloc_find (CQ__MALLOC)   00001934H
raise (CQ_RAISE)            00001B44H
free (CQ_FREE)              00001B90H
memmove (cq_memmove)        00001BE0H
_free (CQ__MALLOC)          00001AC0H
_program_load (cq_auxstart) 000035EDH
_program_len (cq_auxstart)  000035E9H
_dataseg (cq_auxstart)      000035DCH
_osmajor (cq_auxstart)      000035F5H
_osminor (cq_auxstart)      000035F6H
_gda (cq_auxstart)          000035E4H
_psp (cq_auxstart)          000035F1H
_osversion (cq_auxstart)    000035F5H
_osmode (cq_auxstart)       000035E8H
_pspseg (cq_auxstart)       00003603H
_db32 (cq_auxstart)         000035E0H
_dos_getvect (cq__getvect)  00001C10H
_dos_setvect (cq_setvect)   00001C30H
_exittbc (cq__quit)         0000360EH
wtoh (cq__quit)             00001230H
fclose (CQ_FCLOSE)          00001C54H
_fflush (CQ_FFLUSH)         00001D44H
sysint21 (cq_sysint21)      00001DCCH
_ctlcint (cq__ctlcint)      00001E34H
_strt_time (CQ__MAINLAS)    00003618H
_merge_free_lists (CQ__MALLOC)00001798H
_merge_free_blocks (CQ__MALLOC)000018F0H
sbrk (CQ_SBRK)              00001E90H
_sig_eval (CQ_SIGNAL)       00003644H
_sig_dfl (CQ_SIGNAL)        00003680H
fflush (CQ_FFLUSH)          00001CE8H
remove (CQ_REMOVE)          000020E4H
close (CQ_CLOSE)            000020F4H
lseek (CQ_LSEEK)            00002180H
_map_length (CQ__MAP_LEN)   000022F8H
write (CQ_WRITE)            00002378H
_validate_stream_ptr (CQ__VALIDAT)000027B8H
_heap_mem_used (CQ_SBRK)    00001E64H
_free_sbrk (CQ_SBRK)        00001FD0H
_dosf48 (cq__dosf48)        000027F0H
_sig_save (CQ_SIGNAL)       00001FD8H
signal (CQ_SIGNAL)          00002014H
_sig_err_dummy (CQ_SIGNAL)  000020BCH
_sig_dfl_dummy (CQ_SIGNAL)  000020C4H
_sig_ign_dummy (CQ_SIGNAL)  000020CCH
_sig_sge_dummy (CQ_SIGNAL)  000020D4H
_sig_ack_dummy (CQ_SIGNAL)  000020DCH
_sig_ill_dfl (CQ__RAISE)    00002930H
_sig_int_dfl (CQ__RAISE)    00002950H
_sig_alloc_dfl (CQ__RAISE)  000028D8H
_sig_free_dfl (CQ__RAISE)   00002910H
_sig_term_dfl (CQ__RAISE)   00002980H
_sig_read_dfl (CQ__RAISE)   00002968H
_sig_write_dfl (CQ__RAISE)  00002990H
_sig_fpe_dfl (CQ__RAISE)    000028F0H
_sig_segv_dfl (CQ__RAISE)   00002970H
il32 Linker                  12/13/91  20:21:59                    Page    5


_sig_abrt_dfl (CQ__RAISE)   000028B8H
_sig_break_dfl (CQ__RAISE)  000028E0H
_sig_null (CQ__RAISE)       00002960H
unlink (CQ_UNLINK)          00002998H
write_buffer (CQ_WRITE)     000036BCH
bdos (cq_bdos)              000029F4H


Summary of memory usage
 2148 KB Memory used

Processing completed.      0 Warnings,      0 Errors
